// Jest Snapshot v1, https://goo.gl/fbAQLP

exports[`test PriceList component  should render the component to match snapshot 快照 1`] = `
<ul
  className="list-group list-group-flush"
>
  <li
    className="list-group-item d-flex 
 justify-content-between align-items-center"
    key="1"
  >
    <span
      className="col-1 "
    >
      <Ionicon
        beat={false}
        className="rounded-circle"
        color="#000"
        fontSize="24px"
        icon="ios-plane"
        rotate={false}
        shake={false}
        style={
          Object {
            "backgroundColor": "#e4e4e4",
            "padding": "5px",
          }
        }
      />
    </span>
    <span
      className="col-5"
    >
      title1
    </span>
    <span
      className="col-2 font-weight-bold"
    >
      +
      100
      元
    </span>
    <span
      className="col-2"
    >
      2018-09-07
    </span>
    <span
      className="col-1"
    >
      <Ionicon
        beat={false}
        className="rounded-circle"
        color="#000"
        fontSize="24px"
        icon="ios-create-outline"
        onClick={[Function]}
        rotate={false}
        shake={false}
        style={
          Object {
            "backgroundColor": "#e4e4e4",
            "padding": "5px",
          }
        }
      />
    </span>
    <span
      className="col-1"
    >
      <Ionicon
        beat={false}
        className="rounded-circle"
        color="#000"
        fontSize="24px"
        icon="ios-close-circle"
        onClick={[Function]}
        rotate={false}
        shake={false}
        style={
          Object {
            "backgroundColor": "#e4e4e4",
            "padding": "5px",
          }
        }
      />
    </span>
  </li>
  <li
    className="list-group-item d-flex 
 justify-content-between align-items-center"
    key="2"
  >
    <span
      className="col-1 "
    >
      <Ionicon
        beat={false}
        className="rounded-circle"
        color="#000"
        fontSize="24px"
        icon="ios-plane"
        rotate={false}
        shake={false}
        style={
          Object {
            "backgroundColor": "#e4e4e4",
            "padding": "5px",
          }
        }
      />
    </span>
    <span
      className="col-5"
    >
      title2
    </span>
    <span
      className="col-2 font-weight-bold"
    >
      -
      200
      元
    </span>
    <span
      className="col-2"
    >
      2018-09-08
    </span>
    <span
      className="col-1"
    >
      <Ionicon
        beat={false}
        className="rounded-circle"
        color="#000"
        fontSize="24px"
        icon="ios-create-outline"
        onClick={[Function]}
        rotate={false}
        shake={false}
        style={
          Object {
            "backgroundColor": "#e4e4e4",
            "padding": "5px",
          }
        }
      />
    </span>
    <span
      className="col-1"
    >
      <Ionicon
        beat={false}
        className="rounded-circle"
        color="#000"
        fontSize="24px"
        icon="ios-close-circle"
        onClick={[Function]}
        rotate={false}
        shake={false}
        style={
          Object {
            "backgroundColor": "#e4e4e4",
            "padding": "5px",
          }
        }
      />
    </span>
  </li>
</ul>
`;
